// Jest Snapshot v1, https://goo.gl/fbAQLP

exports[`Should render the custom input 1`] = `
<div
  className="sc-bdfBwQ gMQfCg"
>
  <input
    className="sc-dlfnbm iBTgHz"
    onKeyUp={[Function]}
  />
</div>
`;
